20:44:03 **** Incremental Build of configuration Debug for project 002SizeOf ****
make -j12 all 
arm-none-eabi-gcc "../Src/main.c" -mcpu=cortex-m4 -std=gnu11 -g3 -DDEBUG -DSTM32 -DSTM32F407G_DISC1 -DSTM32F4 -DSTM32F407VGTx -c -I../Inc -O0 -ffunction-sections -fdata-sections -Wall -fstack-usage -MMD -MP -MF"Src/main.d" -MT"Src/main.o" --specs=nano.specs -mfpu=fpv4-sp-d16 -mfloat-abi=hard -mthumb -o "Src/main.o"
arm-none-eabi-gcc -o "002SizeOf.elf" @"objects.list"   -mcpu=cortex-m4 -T"D:\Embedded Work\STM32Work\002SizeOf\STM32F407VGTX_FLASH.ld" --specs=nosys.specs -Wl,-Map="002SizeOf.map" -Wl,--gc-sections -static --specs=nano.specs -mfpu=fpv4-sp-d16 -mfloat-abi=hard -mthumb -Wl,--start-group -lc -lm -Wl,--end-group
Finished building target: 002SizeOf.elf
 
arm-none-eabi-size   002SizeOf.elf 
arm-none-eabi-objdump -h -S  002SizeOf.elf  > "002SizeOf.list"
   text	   data	    bss	    dec	    hex	filename
   5520	    108	   1588	   7216	   1c30	002SizeOf.elf
Finished building: default.size.stdout
 
Finished building: 002SizeOf.list
 
20:44:16 **** Incremental Build of configuration Debug for project 002SizeOf ****
make -j12 all 
arm-none-eabi-size   002SizeOf.elf 
   text	   data	    bss	    dec	    hex	filename
   5520	    108	   1588	   7216	   1c30	002SizeOf.elf
Finished building: default.size.stdout
 
20:44:58 **** Incremental Build of configuration Debug for project 002SizeOf ****
make -j12 all 
arm-none-eabi-size   002SizeOf.elf 
   text	   data	    bss	    dec	    hex	filename
   5520	    108	   1588	   7216	   1c30	002SizeOf.elf
Finished building: default.size.stdout
 
