23:15:59 **** Build of configuration Debug for project 004_PeriClockEnable ****
make -j12 all 
arm-none-eabi-gcc -mcpu=cortex-m4 -g3 -DDEBUG -c -x assembler-with-cpp -MMD -MP -MF"Startup/startup_stm32f407vgtx.d" -MT"Startup/startup_stm32f407vgtx.o" --specs=nano.specs -mfpu=fpv4-sp-d16 -mfloat-abi=hard -mthumb -o "Startup/startup_stm32f407vgtx.o" "../Startup/startup_stm32f407vgtx.s"
arm-none-eabi-gcc "../Src/main.c" -mcpu=cortex-m4 -std=gnu11 -g3 -DDEBUG -DSTM32 -DSTM32F4 -DSTM32F407VGTx -c -I../Inc -O0 -ffunction-sections -fdata-sections -Wall -fstack-usage -MMD -MP -MF"Src/main.d" -MT"Src/main.o" --specs=nano.specs -mfpu=fpv4-sp-d16 -mfloat-abi=hard -mthumb -o "Src/main.o"
arm-none-eabi-gcc "../Src/syscalls.c" -mcpu=cortex-m4 -std=gnu11 -g3 -DDEBUG -DSTM32 -DSTM32F4 -DSTM32F407VGTx -c -I../Inc -O0 -ffunction-sections -fdata-sections -Wall -fstack-usage -MMD -MP -MF"Src/syscalls.d" -MT"Src/syscalls.o" --specs=nano.specs -mfpu=fpv4-sp-d16 -mfloat-abi=hard -mthumb -o "Src/syscalls.o"
arm-none-eabi-gcc "../Src/sysmem.c" -mcpu=cortex-m4 -std=gnu11 -g3 -DDEBUG -DSTM32 -DSTM32F4 -DSTM32F407VGTx -c -I../Inc -O0 -ffunction-sections -fdata-sections -Wall -fstack-usage -MMD -MP -MF"Src/sysmem.d" -MT"Src/sysmem.o" --specs=nano.specs -mfpu=fpv4-sp-d16 -mfloat-abi=hard -mthumb -o "Src/sysmem.o"
arm-none-eabi-gcc -o "004_PeriClockEnable.elf" @"objects.list"   -mcpu=cortex-m4 -T"D:\Embedded Work\stm32f407\004_PeriClockEnable\STM32F407VGTX_FLASH.ld" --specs=nosys.specs -Wl,-Map="004_PeriClockEnable.map" -Wl,--gc-sections -static --specs=nano.specs -mfpu=fpv4-sp-d16 -mfloat-abi=hard -mthumb -Wl,--start-group -lc -lm -Wl,--end-group
Finished building target: 004_PeriClockEnable.elf
 
arm-none-eabi-size   004_PeriClockEnable.elf 
arm-none-eabi-objdump -h -S  004_PeriClockEnable.elf  > "004_PeriClockEnable.list"
   text	   data	    bss	    dec	    hex	filename
    696	      8	   1568	   2272	    8e0	004_PeriClockEnable.elf
Finished building: default.size.stdout
 
Finished building: 004_PeriClockEnable.list
 
23:18:39 **** Incremental Build of configuration Debug for project 004_PeriClockEnable ****
make -j12 all 
arm-none-eabi-size   004_PeriClockEnable.elf 
   text	   data	    bss	    dec	    hex	filename
    696	      8	   1568	   2272	    8e0	004_PeriClockEnable.elf
Finished building: default.size.stdout
 
