18:22:23 **** Incremental Build of configuration Debug for project 004_PeriClockEnable ****
make -j12 all 
arm-none-eabi-gcc "../Src/main.c" -mcpu=cortex-m4 -std=gnu11 -g3 -DDEBUG -DSTM32 -DSTM32F4 -DSTM32F407VGTx -c -I../Inc -O0 -ffunction-sections -fdata-sections -Wall -fstack-usage -MMD -MP -MF"Src/main.d" -MT"Src/main.o" --specs=nano.specs -mfpu=fpv4-sp-d16 -mfloat-abi=hard -mthumb -o "Src/main.o"
arm-none-eabi-gcc -o "004_PeriClockEnable.elf" @"objects.list"   -mcpu=cortex-m4 -T"D:\Embedded Work\stm32f407\004_PeriClockEnable\STM32F407VGTX_FLASH.ld" --specs=nosys.specs -Wl,-Map="004_PeriClockEnable.map" -Wl,--gc-sections -static --specs=nano.specs -mfpu=fpv4-sp-d16 -mfloat-abi=hard -mthumb -Wl,--start-group -lc -lm -Wl,--end-group
Finished building target: 004_PeriClockEnable.elf
 
arm-none-eabi-size   004_PeriClockEnable.elf 
arm-none-eabi-objdump -h -S  004_PeriClockEnable.elf  > "004_PeriClockEnable.list"
   text	   data	    bss	    dec	    hex	filename
    716	      8	   1568	   2292	    8f4	004_PeriClockEnable.elf
Finished building: default.size.stdout
 
Finished building: 004_PeriClockEnable.list
 
18:23:12 **** Incremental Build of configuration Debug for project 004_PeriClockEnable ****
make -j12 all 
arm-none-eabi-size   004_PeriClockEnable.elf 
   text	   data	    bss	    dec	    hex	filename
    716	      8	   1568	   2292	    8f4	004_PeriClockEnable.elf
Finished building: default.size.stdout
 
